50x120* o12
********************************************************1***************************************************************
** ** *  *   *   *        * * *    *       * *    *     oo*   *             **        *      *                 *       *
*                    *    *    *  *    **   **    **    *ooooo*    *  **   *   *           *  *    ** *   *  *         *
**           *        *  **   *           **  **  *     *    oo*             * *    **     **            *  **       * *
***  *  **            *  ** *        * *       * *       *    oooo*      *  * * *   **   *  *      * * *         *     *
*  ** * ** *         *             *   *       ***             * o*   *        *    *    * ** ** *      *      *    * **
*  * *          *  *                *                   **       ooooo* **** *   * *       *      *     * * ** *      **
***  *        * *  * *        *     *  **  ** **      ***    * *     o*      *      ** *       * *      *   *    *     *
**    * **    *  * *  *     *  *    **           *   *         * *   ooo * * *   *             *   *      **        *  *
** * *       **   * *           **  **      *   *   *    * *           o *  * * * *  **  * * *  *   *       * *  *  * **
*     *  *           *  *      * * *     *  *          **        ** *  o**                             **     *    *  **
* * *                    **** *             **  ***  *  *   **    *    oooo**  * *        * * *  *    *       * *  *** *
*      * *       * * *     *  *             *     *                *  ** *o* **   **  **                            *  *
*        *            * * *    **    *    *  *     *       * *        *  *oooooooo *    *    *     *  **     *    *  ***
*   *      * * *             * *  **               *          **  *     **   *   o *      *   *    *  *     *       *  *
*        *   **         *    *     ** *    * *** * *      *     * **   *     * **o* ** *            ***         *  *** *
*    *          *          *         *  **          *  *     ***  *    * *       o* *           *     ***   **   *    **
*          * *   **  * *        *   * *        * **   ** * *     *  *    *  * *  ooooo     *  ** *          *  *       *
*****  *  *   **     *           *        *     *  * *      * * *  *     * *         o              *      **     **** *
* *  *    * *  *       *               * * *           * *          *  *   *  ***  * o  ***  *             *           *
**                         *     *   ** *  *  **                *     *      *    ***o     *      *                    *
*   *             *                  * *    **  *  *    *   * *     *     *   * *   *o* **    *             *          *
*     **   *      *        *           *   ***                    *   * *    *  *    o *  **  *       *  *    *     * **
***    *     **         ***                *  * *  * ** **  *  *     *  *  * *       o*  *  ** * **  *     *   *     * *
*    **       **         *  *              * *     **        *  *        *    *     *oooooo* *     **      **          *
*           *     * *         *     * **  *         *  * *  **    * *  *    * *   **      ooo  *    * **               *
** *        *** ***** *   *      *     *  *   *    *  *  *            *      * *  *    *    o *****  *                 *
* * *      *  *         *  *   *  **      *     *     *  *  **  * *       *  *   *        * o**    *  ** *      *    * *
*  *  *       * ** *  * *    ** *  *  *   *      * *  *     *  *        * *   *   *   **    ooooo*       *   *  **     *
* ***         *       *   *   *  * ** ***      *    *  *     *   * *                   **   *   ooo   *       *    **  *
**         * *****                                *        **    *   *  *  *        **  *   *   * o * *   ** *  *   *  *
* **      *** *     **  **     *     *   *                       *  *    *     *      *       *   o   ** * *   *     * *
*     *      *          **       *       *      **          *   *  *  *  *  *** *   * ****   *   *o     *   **  *      *
** *  ***       *        *  *  **      * *      **         *  *     *  *  *     *       * *       o     * *      *   * *
**          *     *   *          **           *   *            * * *   *         *      *    *  * o*  * *           *  *
*        *    *   ** * *     ** *  * *      *** *   *  * *  * *    *   *** **      *              oo    * *    *      **
*       *  *        * **          **    *        *      **    *    * *       *  *   *     *   **   o**               * *
**       *      *   *  *     *      *   *   *      ***       *          *           *         *   *o***  * * *   *     *
*   *   *        *         ** *    *     **         *  *       *             *   *          ***   *oooo  * * *      *  *
**    *   *        *      * **            *   * *      * * *            *    *  **               * *  o              ***
*  *   *   * *          **       *         ** ***  *** *           *  *    *                  *    * *o  *  *** * *    *
*            *  *         *   *    *         **  *   *          ** * * *** * *  * **              **  o*               *
* *** *  *   *   *     ****         *    *        * * *       *       * * ***  ** *            *      o   *       *   **
*  *     *            * *    ** *     *       **  *   **     * *     *                  *  *         *o    * *   *     *
*      **  ***      **   *          *         *  *       *    *  *           ***      ** ** *     *   o** *          * *
* * *     *     *    *           * * *      **   *    *            *      *          **        * *    o *  *   **      *
**     *   *        *  * *    *    * * *   * *    *   **      * *   * *    **  *                      o*        **  *  *
**  *   *       *     *  *   * **    *            *  * *   ***    *  *      ***   *   ***     *   *   oo **  *         *
*     * **   *  * *    **              ***   *  **  **  ** * *     *  * *         *    * *         ** *o   * * *    *  *
*******************************************************************************************************2****************
RESULT IN 95 STEPS!
