100x100* o12
***********1****************************************************************************************
*         oo * *                     * ****  *               **   *   ***    **   *  *      **     *
*         o              *          *    *  *** *  *       * *    *  *            *   *        *   *
* *  *   *o   *        *   *   **      *  ** *   *    *         *    ***           * * ***       ***
*        *o    *    *    **  *  **   * *  * * *                *   *          * *      *         ***
*       * o*    * * *           *  *        **   *   *   *        *             **                 *
*        *oo *      * *         *       **     * * *   *  *   *      ***   ** *  *    * *  *  *    *
*          o * ** *    *                   **  ** * *   **        *   *    * *  ***   *   * *  * ***
**    **   o   *  * *  * *  *  **         *           *           ***           *                  *
*  *   *  *o**      *   **    * *  **       * *  *      *        ***   *    *   *  * *    *   *    *
*        * o         *          *   *     *  *          *   *  * **    *  * **  *      *     **    *
**  *    * o          *                 * *  ** * **   * *  **   * **   **     *        **     *   *
*    *     o     *     * *  *               * *   *    **    *     **      *   **   *       **     *
*       ** o*   *      *                   **   *      *   *   **  *        *  * **        *     * *
* *       *o           * *      * *    **    **      *   *    * * *   *  *  ****   **       *      *
*        *oo   *   *         *  *             * *      * *     *  *  *     * *     ** **    *   *  *
*     *  *o    *   *     *  ** **   * *    *      *    *     * *  *            *   **      * * *   *
* *  **   o*  *        *  **  **     ***   *          * **        *  *     *     *     *  *    **  *
*     *   o   * *                      *        *           *      * *          * * **      *      *
* * * *  *o     *    *     *  * *      *             * ** *   *    ***         *     *   *   *    **
** *      o *   *  *  *         **     * *       *   *  **                  *                   *  *
*   *     o*  *  *                  ***        **  *   *      *          *        **   *  *        *
**      * o*  *       ***  *          *   * **       *             **  *      *   *    *     *    **
*   *  *  o  * *  *          *       *    **    **      *   *       *     *    *           *   *  **
*        *o*   *      *  *           *   * *  *  * *        * * *       *      **     *   *  *  *  *
* * * *   o  *             **       *       ** *     * ** ***       *   *      * **     ** *     * *
* *   *   o *** *  *              *         * * ** *  *     **            *    * **  *** **   *    *
*      *  o **  * * *         *     *               *       *    *        *     *          * *     *
*   * *   o           *        * *  *           *  *    *       *     *     ** *   * *      *   *  *
*        *o * ** * * *      * *   *    * *    *  **      *  * **   *    *           *      *   *   *
*       * o*   *            * *  *       *          **              * ** *   *       *       *   ***
* * *    *o    **             **   **  *   * *        *     **** *    *       *      *      * **  **
*   *   *oo  *  *  *   **      *  * *  ** * *      ***                 ** * *    *      **       * *
*      *oo     * ** *   *    *            * *      *   *             **** *  *                     *
*    *  o*        * * *       * **  *    ** * * * * *     *    *      *    **   *       *     *    *
***     o  *          *  * *   * *   *       * *     *     **     * *                      *       *
* *  * *o*                * * *  * * *  *          *   * *  *   *    *           *           **    *
*       o  *** * * *    ***          * * *   ***  **        **             *                **    **
**   *  o*     *  *                           *  **   **             *                    *  ** *  *
**     *o   *  *      *   **        * ***         *         *          *     *  * *        *  *  * *
**     oo         *      *   *  *        *          *      *  *           *     *     *      *     *
*      o*   **     *      *                   *      **     * *  *        *       *  *      **     *
** * * o** **  **  * *       *   *            * *  * *    *  ***** *    *   **        * * ** * * ***
*      o   *     **          *               * * *       *  *    *    *    *     *  ***    ** *  ***
*  *   o*    **      **               * *    *         ** * *           *  *          * *    *     *
*      o            *  *     *  *        **       *  **     * *      *     *   **              *   *
*   *  o     *  *    *     *    **                    *  *     **     *   *  *            * * *  * *
*    **o  ** *  *     *    *  *        **     *                 *            *      * **   *       *
*   * oo  ***   **  *  *       *    *                     *  *         ** *  ** *    *  *         **
**    o****** **                      * *                     *  *    ****    *                    *
*  * *o*     *       *   *    *  *         * *      **            *    *        *       *   *   ** *
*   * ooo   * *              *    *          * *        *    *  *  *    *       *     * *      * * *
*       o    *         *   *  **   *          *   *  * *     *          *       *      *  **       *
*    ** o   *  *  *     **    *      *    **      *    *** *        **    *    **      *   *  *  ***
**  *   o *  *   *   *    * ** * *              *       *   * * ** *             **    **          *
*   *   o*  ***   *     **    * * **   *      *            ****  *      * *    *    **   *       * *
*     **ooo    *       **  *              *    **       *  **  *               *     *     * *     *
* *    *  o*            * *   *   *  * * * *       *   **             *       *    *   *         * *
*         o      *      *                    * *   **  **   *   *       * *     **    *****  *    **
*         o**  *   *  * *   *     *  *    *          **          *  *              ** *    *    *  *
*     *   o          *     ** * *   *  *              *    *  *       **             *    **       *
*         o  **       *   **      * * **    **      ***  * **   *       *        *  *  *   * *  *  *
*      *  o  **    * **     *          *                 ***            *  **   * * **           * *
**    **  o    *   *  *  * * * *   *              * *           * *          *     * *        *  * *
*  *     *o        *****            * *             *      *  *    *         **      *             *
*  *      o*    * * **      *  *     *     *     * *                                     **   *    *
*     *   o*   *     *  *            * ***       *      *   *     *    **  *   ** *  *   *    *  * *
*       **o  *    *  *            *     *      * *                  *  * ** *    *    *  **        *
*  **    oo      *   *           *      *                          *   *       *   *            *  *
*        o           * * *         **   *        * *             * **  *     *  *                  *
*    **  o* ** *** *        *   * * *         *   *       *    *     *    *          **  *     *   *
* *   * *o ** *           * *  *    **     *  *    *               *      * *    *            *  * *
*       *o* *               *          *  *  **           *   *     *  *           *    ***   *    *
* *   ** oo  *   *    *      *      *  * ****         *   * **    *        **    **    *  * **    **
*    *    o *    * *  * **    * *      *   *       *   **       *   **   *    * *                 **
*  *      o**  *    *   *    ** *     *          *      *** **    *  *    *   * **  **         *   *
**   *  * ooo        *    * *   *  * **    *   * * **  *  * ** *  *   **         *  **   *         *
* * *  * ** o           *      *        *   *   ** *    *  *    *  *   ******  *      *  **   ** * *
*   *       o    **       *   *     ***     *      **       **  *   *  * *                      *  *
* ***    *  o*  *  *   *         *  *      *      *         * **          ******        *   *  *   *
*         * o    **             * * * **    **   *     *   *  * * **  *  *    * ** *  *      ***   *
*** *     * o     **   *   * *  *               *  *  *     ** *    ***    * * *               **  *
** *   *   *o*    *   *   *         *   * *        *     *                      *   *   * *    * ***
*   * * *  *o  *  *    **   *          *   *   *  * **  *               **  *    *        *        *
*    * * *  o*  *  *    *   *        **   **   * *  *      *    *  **   **    *  *            * * **
*           o                *         *     *             *                            * *        *
**      * * o       *     *   *     * **     *      *    *  *  **  ***  **                         *
*    ****   o *    * *  *   *     **     * **        * ****   ** *        * * * ***    ***      *  *
*  *        o      **                  * ***    *     *  *** * *        *  * *       * * *      ****
* **        o    *         *     *                 * *      *  *  * *       *       **  *    **    *
*     *   **o     *    *     ***        *   *         *     *    *   **   *    *              *  * *
*    ***  **o       **     *   ** **          *  **     **      *          * *   * *   *   *   **  *
*           o  *             * *       *  ** *      *     **              *     *                * *
**  * *     o   *      *   *     **  *       * ***   *   * *     *  ***   *               *     *  *
*           o  **         * *       *         *  *   *       *     * *    *            *           *
***    *  * o *              *       ** *      *   **    *         **   ** *             **        *
*     *  *  o *        * *  * *              *      *      * *  *     * *  * *      *          *   *
*  * *     *o      * *  *     * *  *  *            *   * *  ***    *    *  * **       *   * *      *
*   **      o    *     *      *    *          *** *  *   * *    **     *   *     *          *  *   *
************2***************************************************************************************
RESULT IN 113 STEPS!
