100x100* o12
RESULT IN 157 STEPS!
***************************************************************1************************************
*           * **    *         *  *      *                     *o*           *           *   **     *
*           * * *   *  *            *   *   **   *     *oooooooo       *     **     **    *  *   * *
*    *   *           *   **   *  *        **     * * ***o   *       *               *  *  *        *
*    *  *      *   *     *  *       * **          **   oo           * ****         * *        * ** *
***    * *         *                       * **   *  **o* *        *  **         *  *        * * * *
* **        *   *         *     **       *  *      * ooo    * **        *             *         *  *
**           *   *        *            * *         * o**      ** ** *   * *           ** ** **    **
* *   **        *         *          *        * * * *o **  *  *        ***         *  *  **        *
*   *    **  * * *    *  **                    * *oooo  *     *       **    *    *  *       *      *
*             ** **   * *  ***   *   *       *ooooo         *   ***   **  * *   *  *        ** *   *
*  *       **    *  * *  * **   *         *oooo    *    ***     *   *  *   *        **  * **    *  *
*   *  *    *       ** **        * ooooooooo     *****       **         *     *      * * *    *    *
*   *     * ***    *       *   *  *o* *    **     * *     * * ***  **  **          ***  * *     ** *
*                   * * *     oooooo**  **            *         *   *       *  * *       *        **
*       *   **  *            *o  *      *  *    **    *  *   * *    *      *  *    *       **      *
*  * * *  *    * *  *  *  * *oo  *     *    *        ***                 *      * * *    **  * **  *
*** ****   **               *o          *   **        *      *  *  * *       *  * ** *  * *  *   * *
*    *        * *       *  * o  *    *  *    ****             * *      * *   *         *  *  *     *
* *     *      **    *   *  *o*         *       **   ***** **            * *  *   *    *  *        *
* *  ****  **    * *   ****ooo    *****      *    * *    *      *      *    *       * *      * *** *
**   *   **          *    oo *      *           *              *  **           *  *    *  * *    ***
*             * *        *o  *     *                             *         ***  *  *  **       *   *
*    **   * *   *      **oo    *           * *           *         * **       *       *    *       *
*  *     *  *   *      ooo * *      * *          * *    *     ***   *          **    *  *          *
*        **     * **   o *          *       *         *   *      *  * *** *    ** **     *         *
*   *   *  **       *  o    *   **   *   *  *    *  *           *  *            **      * * *    * *
*           **   * *  *o   *   * *   **        *        *     ***     **    * *                    *
*      *   **     * * oo     *  *  * **     **     *        *   *              *            *  **  *
*      **        **  *o      **   *  *   *     * *      *    *               ** *   *       *      *
*    ***     *  * * **o        * *   *   * *   *    * **     *    *    *     *   **    **    **   **
*   *  * *    *    oooo            *         * *      ***          *               *  ***     *  * *
**   * * *     *  *o   * **            *  * **    * *    *        *    * *   * *                *  *
*          *  * * *o     *  *   *       *     ** *   *  *    * * ***    ***       *         **     *
*   ** * **    *  oo   *         *          ***   *  **     *      *                 *            **
**     *  *       o* *              *   *       *        **        *  *       *  * *    * **  *  * *
** * *        *** o          *      *     *  *             *  *  **  *   *    *       * *      *   *
*             * **o *   *        *           *         ** *        *  **  * *             *        *
*      *  *  *   *o  * **  *  *    * * *   ***   * *       *  ** * *  * *    * *      *  *        **
*   *           **o *   **   *   ***     *   * * *    *       *   *            *               *   *
*           *  * *o    *      * *   *    *   *    *   ** **   ***     * *   *      *     *  *    * *
*  *      *       o *  *  *      *    *     *        *           *     *   *****  * *  *   **  *** *
*  *       *  **  o       *          *  *                *   **   *      *    *   *  *   *   *     *
*      *   *      o*      *             *   *             * *   *               * *                *
*         *  *  **o *       * *          *       *    * *            *     *      *                *
*      *     *  ooo * *               **   **         * *         *     *   *          * **    **  *
* *   *     **  o*     *    **           *             *   *              * * **      * * *   * ** *
** * *** *      o  *      *    *      **           *   *           * ** **             ** *   *    *
* *    *    *   o***  ***  *       *  *   *      *     *** *   **      *      *   * * * ** *     * *
*   *   * *     o  ** * *   * *   **      *                                  * ***   *  *    ** ** *
*    *   *  * * o* **    **        *       **  *  *  *        * * *    *       * **      *  **     *
**     *     ** o*   *         *** *            *          **  *      *  * *    * *   * *  *       *
*   *  **       o  *  * *      *      *    *    *   *** *  * * *     *   **   *   *   *   * *  * ***
*      *       *o      *  *  * *  *      *  *     *         **  * *  *    *          *       *     *
*    *    *    oo**   *        *           *    *               *            * *    **      *      *
***    *    * *o** * *   * *    *     *   * *   *  **      *     * *       * *       **     *    * *
***    * ** *  o*   *      *           *    * **  *    *     * ***  **     *  *        *       *   *
*        *  *  o      * **      *   *  *                            **      ** ****          *  *  *
* *    *       o*            * *  *   * * *  *    *   *      ** *    *          *  ** *  *     * * *
*             *o          **   *   *     *  **    *    *           *   *                * **       *
* ****     *  oo   *            **   *             * * *         *     *  *           **           *
**   * *** *  o   **      **    *             * * **   *              ** *       **       ** ***  **
*   *   *  *  o*   **     **     *     **  * **  *          **  *    *           *   **        * * *
*        *    o      *             * ***   *       *             * * *  **   **      *   *         *
*     *     **o             *    *  ** *    **  *  ** *   ***   *         **   *      *   *   *    *
**    *       o          *    *   **   *      *      *   * ** * **  *      *   * ** *  *  *  *     *
**           *o*   *      *  *   *    *   * **         **  **         *   *        *     **   ** ***
**   *    ** oo                   ***     *   **    * *         *     ** *   * *     *  *        * *
**  *  ***  *o                     * *    *     * *   *   *       *           **   *  *      * **  *
*  *        oo* *     *  * *** *   **  *   *       **      **  * * *   *   *  *        *     *  ****
*           o   *   ***  *  *  * * *    * *   *   *   * *   *   * **   *    *           *  *       *
* *        *o*        *       **  ***  *       **               *          *                  *** **
*      *    o  *   **   *     *                      *  *  **           *   *     **   **  *   *   *
* * *  *    o      *   *  * *   *  ** *   *  * *       *        *       *         **  **     ***** *
*   *    * *o  *    *   *                        * *    *   *    *   **    *              ***      *
**    * *  oo         *  * *    ***  *    *  *    **                   *    *     *  *    *      * *
**  *    **o     ** * *            **      **  * *    **      *   *  * * *     *  *  * *         ***
**     *oooo *  *  ** *   *         *       * *   *       **        *  *     ***  *   *      *  ****
*    * *o    *  *       *    **     **   * * *      *         **  *  *       *   * *   * *   *   * *
*      oo       * * **  * *       *        *               *   **   *     * ** *    **  **    * *  *
*     *o*    *  *      *   **   **      ***   *    *     *   *  *       * *****     *        ** ** *
**    oo*   *    * * *   *  **  *        *      *  * * *** *   **  *   *   *   * *              *  *
* *** o *     *       *  *  **  *      *   * *  *           * **     **            * *          *  *
*    *o   *   *     **       *      *          *   *    *  **       * *  *      *     *            *
*     o              **  **    *  *      ** *  *  * *      * ** *  *       **  *   **    * **      *
*  *  o           **  *        *       ** * * ***          *     *         **              *    *  *
*   * o*    *  *        *    *      *       **   *      *              ***    * *                 **
*     o        *             **  ***     *  **    **      * *     *  **  *     *     * * * *  * *  *
*  ** o* **   *     *       *  *      *   *   *          **        **   *                    *** * *
*     o***    *     *               * *              **       *             *      **              *
*    *o*      *       *    *   *               *       *      *   * *  * *         *       *     * *
*    oo    ****                *                      *      **  *  *  *           *      *    *   *
*    o   ***   *    *        ** *          *     *             *  *        **    * *   *  * *      *
*  **o             **      **       ** *  *         *     *      *   *          * *  ** *         **
*    o * *   **  *        *   * * **       *        *  * * *** *  *     *  *  *                    *
*    o   *    ** *   *  * **  *        *  * * *      **      *        *   *   *** *    **   *      *
* *  o   * **  *     *       *     * ** *   *     *    * * *   *   * *    **         *     *       *
*   *o*  *                *    *          **  *  *  *     *        *       *            *    * *   *
*   oo   *       **  *      **    * **         ** *       *  *                       *     **  * * *
****2***********************************************************************************************
