200x200* o12
***********************************************************************************************************************************************************************1********************************
**  **   **   *    * * *    *   *    *           **    **  ***   * *  *       * *          **  *   * *            *  *    *      *     * **      *          *    * *       **    *        **      * ** *
* *    *                *          *        *     *    *       *  *      *        *  * **     **  *          *  * *  * **  *   *         *      *    *    *         * *  *           *                 *
* *   *       *          *            *   *          *      **  *          * *  * *     ****  * * ** *   * *  *                *    *        *  * * *  * *      *        *        *     *              *
*           **       *        *        *     * * *   *   **        **   **  *     * **  *   * *    **   *  **          *    *              *                    **         *          *  *  *  *       *
* *** * * *   *  * *    *             *           *  **   * *     * *     * *  *    *          *        **              *       *        *    *  *   *        *        ****    *   ***          *    * *
*   **  *   *  *    *          * *  *  **    *   *   * *   *        *         *          *   *  * **    **      *              *    *      * *      * **       *    **  * *              *   *    *    *
* *     *        ***    *   * ***   *** *       * *     *       *  * *    **       **       *   *  **     *        ****   *      * *    *  **      *        * **                  *   * *             **
***  *    *    **    *  *      *               *   *     *   *   *     *    **   **         *          *    *       *   *     **  * *         ***     **       *       *      * *          *       *  **
*    *    *     *               ***      *           *  *  * *  **      **    *     *  *     **   *     *  *    *  *                  *  *      *            **    *   *       *   *       *     *   * *
*            *     * *     **       **  *      *              *      * *** *     *  * *    **  * *     *       *     * *  *      *             *    **     *  *   *     *       *  *   *        **     *
*     *                *     *       *   *   *   **  *      * *  * *   **    *        ****    *       *       *   *  *           *   *     *       * *                    * *         **       *     * *
*** *   * * * *      *      *     **   **     **    **    *  *          ** ******      *   *         * ** **        *     **    *   * *   *  *  **        ***   *     * *   *    *     * *  *  *   **  *
*   *    **        *     *    *               * *   *      *    *  *          *   *   * *            *                  * * *        **  **     *    **  * *            *                 *      *   * *
**        *   *   *    *    *     *         *  * *       *            *           *      *                 *                 *   *   *     *          **       ***     ***       *    *  ** *    *     *
*   *      **  *  *     *     * *  *  **      * *              **  *         *  *   *  *    *       *   *  ***   *       *       **  *     *     * * *   *         ** *               **   *  *** * *  *
*   * *        *      *    * **  *    *  *     *       **                  * *          * *   * * *         ***  *                      *    * *          *   *      *      *    **   * *   *   *      *
**  * *  *         **  *       *        * *   **      * *  *          *    *  ** **               *       ** *               *                    ****   *   *        * *       * **        *   *  *   *
* * *                 *  *         * **      ** **   * * *    *    *  *       *    *    *               **      *   *         *  * ***     * *       **         *   * **        **    **   **   *  *   *
**     * *       *  *  *   **      **  * *    ** *     **     *   *         *   * * *     * * * ** *   *                 *** * * **      *  *       **      **    ** *  *  **      **    *      *      *
*  *     *  *   *        *   *     *  **     * *            *      *      *    * *         *     *   *    *       *   *    *    *             * *   *                   *             *    *  *  *     *
*            * **      *   *        **      *  *   **                    *   * * * * *                **        * *                           * **     *     *              *    ***        *     * ** *
*  * **               * *    ***              *        ** *           *     *       *     *       **   **     * *   *    *  *        *   *** * *        *      *   *           *       *   *  * ***    *
*  *      *     * *     *  *    *     *         *  *   *   * **    *   **     * *      *   **         ** *        *  *            *    * * **            *   *    *  *                      *  *     * *
**   *    * **         *     * **      * **       **     *   *              **         *  ** *       *    *  *   ** *      *               *         *   *         *            **   **   *            *
*                    ** ** *   *      *     *   * * *  *   *  *  **    *  *         ******      *             * ** *            *          *   *  *    *  * *           *      ** * *       **** * *   *
*    *                *         * * *  *    *   *      **   **       *   *     *      *       ** *          *   *  *  *    *         * * *           *               *           *         *      *    *
*              *          **     ***          ** ** *  *   **  *  * *   *** *   ** *       *   * * *      *               *           *     *    *    *  **        ***  *    *   * *     ** *          *
*   *  *        *         *** *     **        * *   *     *    *     * *  *       *       **     *  * * *    *        *    **     * * *   *                  *    *             *                   *  *
*    *    *      ***    *     * *  *   *       *          **     * *****   *   *      * *           *   * *   *         **    * **  ** **                 *     * *            *  **         **  *     *
**      * *        *      *            **   **            **  *       * *****    *      * *     ***                    *    **    * * *    *           *     *         **                      *       *
* *      **                *   **  *  *    **  *     *    * *    * *    *   **     *   *     * *  *  *           *    *  *        *  *  *     *     *   * * * *             ** *   * * *  * *          *
**  *        *     *     *   *          *    *        ** ** *     *  *         **       *   **  * *       *     *  *  *   *         *     **   *  * * **  ** *              **  *                 *   **
*      *   *    *    *  ***   * ** *** **      * * *   **    * **         *   ****  ***  *  *  *   * ***   *     *   **       *****          * * *  * *  *                *        * *      *  * *     *
*   *  *  *     *      *             ** *** *  **    ** *  *         * *      * *   **   * * **   * *     *    *    ***     **     * *         *  **    * *  * *             *         **   *   *      *
* * *       *   *    *               **  **     *   *     *         *        *   *  *     *        *  **           *  *              * *** *      *        *     *   * *         *       *    *     *  *
*** **               *         *   * *   *  **       **  *      *  ** * **      *   *  *       **   *     * **             *  **   * *   *       * *   * **  *          ***  *     *    *  *  *   *    *
*   *            *  * **    * **         *  **  ***  *  * *  *  *     *        *                 * *   *  *      * *         *    *          * * ** *         ****            **       * *  * *        *
*** **  *       *            *            * *  * * * *   *        *      *      * *  *     *          * *       **   **                         *   *  **                **        * * *  *     * *    *
*        *      *         *           *     **          *       *   *          **  **      * *   * *   *            * *    * *  *     *  *  *     *      *   * * * *       **       * *    *    *      *
*          **  *     *        **          *       *     **   *          *   *     *      *   *      * ** *      *     *  * **    *    *     * ** *  *         * *       *            *   *      **     *
*   *          *   **     ****         *        *   *   *  *    *   *    *    *   *   * *           *     *            * *     ** * *         **   ** *      *     *  * ***     **  **           *     *
* *        *   *                     *         * *  *           *    *      * *  *                       *  * *     *    * *    **   *  *  *               *          * *   * *      ***** ** **       *
*    *    *    **                 ** *  *   *          *  *     **   *               *      **  **                      *      *      *          *                               *  *     *  * ** *    *
***     * *  *  * *               * ** ** * *                 *  * **   *        * *        *               * *      *   *  **     *                *    *         *            *   *   *   *  *  * *  *
*  *   **  *    *            *      ** *  * *                  *  *    * *  *  *  *              *         *           **      *        *  *    *      *    **   **   *           *    *     **   *  * *
**            **        **       *  *  **  *   *  **  ***    * *  *                **  **  *   ****         *   *        * *   **  *    *     * **  *    *        *    *   *****            ** * *  *  *
*        *    *           *     *      * * **     *   *   * ** **        ** *  *  *  ** ** *  *          *     *    * * **  *        **   * *** *                            * * **   *   *        *  **
*  *     *  **  *  *                 *                  *       *       * *  * * *        **         *       *  **                         * *      ***     *              * *     *      **    *  *  **
*       *    **                           *    *             * **  * *             **          *   *    *          *    *   *    *        **  *        *       **  * * * *  * *    **           *   *  *
*  **  **  *  ***                 * *        *  *          *        *      **     *  *   **   **     *   ***    **         *    *        *      * *     *  *      **  *        *   * *             *   *
** * *    *  * *  ** *  *   *           * ***     *        *          *      *       *       *  *     *     *           **   ***               *  ***      ** *   **        * *  * **   *   *          *
**          *           **       *        *   *    *                 *  *   * ** * *  ***  *       * *   *  *     *   **       **         *     ** *    * *                 **  *  *   *        *      *
***    *     *      * **      *    *          *   *  *    *      *    * * *               *  *  *     *      * *   * *               *           *               **   * * *         **    *        *   *
*     *      *        ***  **  * *  *      * **   **      **     *     *      *       *  *          *                **   *  *      *   *  * *        *     *     * **  **   *                *      * *
**  *          *   **  *          * **  **     ** **  *            **    * * * * * * **   *    * *             *    *     *  *        *    * * * ***           *            *       *               *  *
*     *    *     **    *       * **    **       * * * *   *      * *          *        * *  * * * *   *         *      *  *   **** *     * *** ** *       * *            *            ***   ***        *
*        *           * *       **                *      ** **    *  **    *   * *  *   **    *  *    *   *     *   *         **   *   *  *    **      *      *      *  *   *        *       *       * **
*     * *            *         *      * *        * *  *  *  * *   *        **  *    *     *  *  *  *  *   **  *     **    *  *   *    *         ****            *   ** *   *        *   ***  * *  *    *
* *        * *  *    *   *  *     **    * * *        *            *   *       *    * * *       *    *        * *        * *      *   *   *                   **  **              *   *      **    * * **
*                 **   *          *   *  **     *  ***   * ***        *    *                                *            *    **          * *   **     *             *        *   *            *       *
* *     *       * *  **      *    *   * **    **    * *  *   *        *            *  *  ** **      *          * ***     *      * *            *         * *   *                  *    **    *         *
** **  ***  *   **    ***  ***       *   *     *      *    *   *  *  *     *     *           *       *     **     **    ** *  *  *   **                * *   *      *                           *   *  *
* *        * **   *   *    *    ***    *           *   **      *    *          * **   *    *   *      **    *       *    * **      **          *         * **  *  *   * *    *** *           *  ***    *
*    *               * *      *    **   *   *    *            *  *         *   *   **                  *  **        *    *         *             *   **        ** *   *  **    *  *** *          *  *  *
***    *     *   **      *           *  *   *      *       **     * *     *       * *   *  *   * *       *     *  *       ***          *    *  * *   *  *           *              * * *    ** *       *
** * *        * *     **  *        *    *                    **           ** *       *         *  *   **  * *      *    ** * *                 *           ****      **  *       *  *                  *
**                *      *  **    *  *  *        *    *     *  *                * **    *         *   *      ** *     * **    * *          *   *      *            * ***            * *   **           *
*   * *   * * *         *                      * *   ** * **        *          *     *              *  **   *  *  * ** *  *      *                 *  *              *              *  *        *  *  **
*       *  **          *         *     *     ***     *      * *     *         ** *        *    ** *             * *   **  *     **        **  *     **    * * **     * *   *     * *      *       *  * *
**       * *    *   **     * *  *       *     *            **  *   *        **   *  *    *    * **       *    ***      *      *                   **          * ** * *  **    *          *           * *
*      *      *        *    ** * ***             *       *         *        **  ***   *          * * * *      **  *    *    *      ***    *            *     *             *  *           *         ** *
*   *                   *   *   *  *              * *  *       *        *    * **    * *        **** *    *        * *    *   *  *         *     **      * *   *     * *     *        ***  *   * *     *
*  *        **     *        *  * **       * *   *     *           ** *  *   *         *             * * *    *    *    ** *  * * *  *  *     * * *    *   *       ** ** *    *  *     *       *        *
*     ** *           *    **     * *    *         *   *           **     ** * * *  *          * *         *     *  *    * *    *    * * *            *   *   **  * * *     **   **  * * *   * *  *  *  *
*     * *   **       ***   *      *    *  *      **  *    *         * *          **    *        *       *      **  * **         * *             *      *          *  * *     *    *  *     *      ***  *
*  *     *    ** *    *            *   *                    *   * **  *    *             *   *   * *       *      *  *        *   *   * * * *         * *     *      *    *   * *         *      **    *
**     *  ** *   *        *        *    * *         *     *      *        *  *        *    *** **  *     *    * *    *        * *  ** *              *   *   *    *     *         *  ** *     **    *  *
*         **               ** *     *   *  * ** *             *       *  *  *    *      *  *    *          **    *     * *  *          *         *  **  *   *   * *     *  *          *           *  * *
* **      ******  *   ***   *                              **   *      *  **   *     **      *  *    *     *                 *  *       **       *             *   * *       * *      **  **  *   *   **
*   **    ** *       *   **   *   **     *          *      **        **       *     **       * **  *    *    *      *                  *   **        * * *  *  *           * *     *  * *       *  * * *
*           * *** * ** *        *      *           *           * *          *     *     *    **        **  *   ** *  *   * *  *         *  ** *        * *           *          *  *           *  *   **
***    *      *      **          *  *       *                * *                              *   *   *   *   ****** *   *    *   *       ** *     *                   ***            *        * *     *
* *    *     *  *   *      *  **   ***  * * *     * *   ** *    *      **      *    *     ***   *    *  *      * *    *     **      * *   *    *   *       *  *     *   *  *  *      *    *        **  *
*                **   * *     ** **  *        * ** *        *  *             *     * *     *   *      ***   *   **      *     *   *   * * *          ** **     ** *         *    *     *    *     **   *
*    *   *           *   *    *    * *  *     *         *  *         *          * *         *   **   ***** *           *  *    *        *  ***          *                  *    *  *       *    *   ** *
*    *   *  *        *       *       *   * *                **         *  *   *   *      *       *     *    *      *     *         ***  *     **       *    *      *     *    ** *      *         **   *
*    *   **** *   **    *  *   *    *     *      *        **   *         *       **          *   *        *    *   *   * *    *       *  * * *       ***     ***           * *   *  *        *       * *
*  * *        *             **         *    *     **       *  **    *   **     * *           * **        *                      *   * *   *         *       * *      *   *       * *  **       * *     *
*  **      * * *     *          *   * *  *   *    ** **          *         * *      *   *  *             *    *  *   **        *      *    *     *       *  *  **  * ** *  **             * *  **  *  **
*               *     *    *   *  ** *          **     * * *       *  *         *       ***       **    **    *       *   **   **                   *  * *  **    *    ****   *    *    ***          * *
*     *  *    * *                      *   *  *      *  *   *   *  **      *    *    **        *    * * ***     *    * *    *     ****       *                  *  * *     *       *       * *         *
**     *   **         **  *  *                        *   *  *        *     *   *    *                   *       **   **  *  *               **          ***   *     *     *     *  ***      **  ***   *
**        ** * *    *   *      *          * *    ** * *    *    *     * *   *      *    ** *        *      ***      **    **  * * *  *     *          *               *   *  *         ** *   *        *
**    *   *     *    *  *                * *           *     *  *    *      **        *     *      ** **         *                        * *     *  *    * *  *    *  *                * * * *  *    **
*   *    * *     *  *  *              *         **   *       *  **  *       * *                *                   * **       *      *  *   *   *      **      *           *       **              *   *
*    **      *              **   * *      ***     *           * * *    **       *    ***         ** *       *         *** **   ***            * *          *  *    *   **       **   *                 *
*   * *      * *    * ****  * **     *  * *  *  *    *             * ** **         * *     *     * *                *   *  **       *     *   *       * *     *      * *    ***         *       *      *
***        *  ** *   *     **       *  *   *       *       *     ***   *  **      *   * *     *  *     *           *     *     **  *      *         *          *   * **        **    **   *            *
*         *  *      * *  **                * *  * *   *       *                    *      *   * * **           *        * *   * ** *         **      *          *     ** * **   *     *   *       *    *
* * **   *   ***  **                 * *    *** *  *   * * *    ** *  *    *    ***    *   * **    *  **               * * ***        *  *   *  *   *  ** *       * *   *       *    *           *  *  *
* *   *                 *  *       * *    *       * **         *     * ***         *** *** *    **  * *  *** *   * *   * ***  *      *           *  ***    **  * *             *  **     *            **
*   *      * *   * * *  * *     *        *     ** *      *    *  *  * *       **  *    *    *     *  *    * ** *      * * *       *     *  *    *    *            *  *  *   *  *     * **      *       *
**    *    * *     *       *    *              * *         *     * *  * *      *   * * *   *           * *** *              *     * *  *     *       * *        *      * *    * *         **  *   *   **
***          * *     * ** * **    *     * *       ** *   *    *      *       * *    *    *  *   * *  *                  *  * * *           * *      * * *           *      ** *   *              *     *
*  **       *         *  *   **  *              *    *   * *             *           *      * *  *     * *   *            **    *   ***     *                 **    ***      *         *  **        ** *
*  **         *     *     * *         * *  *            *  * **  ** ***   *       *  *             *     *           **  *       *        *        *    ** * *    * * *      **    *           ** *    *
* **        ** *     *    *  *       *     ** *               **  * *    *    * ***   *  **        *    *   * *   *  *         *       *    *     *       * *  ***   * *   ** *            *           *
** *  * ***  *       *   * **   * *  *        *        *    *   *                     *     *   *   *   *    *        *** **     * *   **    *      *         ** *  * * **  *                 *   * *  *
*     **       *               ** *          *      *  *       *  ** * *  *         *    *       *    *    *       * *     *       * *  *   *  *  *    *    *                        *   *    *   * *  *
*       *     *     *  **      *           **   **      *     *   *  *   ** *     ***    *       *          * *   *  *   *                   *     * *       *          * *           *     *    *     *
*      * ** *     *   * *   *    **    *      * ** * **       * * *  *       *     *  *         * * *    **      **  *   *  *     **    *     *        *     **  * **    ***  * *        *      *  *   *
*  *  *       *           **  *  **   *   **     * *      *       **      * *   *   *       *   *      *   *  *  *   *     ** * *         *    ** *   *    * *   ** *     *   *  *   *     *        *  *
*     *  *                * ** *  *     **    *   *  * *  *  *     *  *   *     *    ** *  **       *    **       *                      *      *  *            *         *  *     *          *  *     *
***   *          ***         ** *     *  ** *        *  *     * **    *  *        *        *    *    * *    *   **  *  **                *   *     *   *** *  *    *    *      * *  *     *   *  ***   *
* *   *    *          * *   *    **      *         **  *    *    * *     * *            * ***       *    *   ** ***  * * *   **         *  * *    *   * *   *     **    *  *  *  *   *    *      *     *
*  *          * *  *  * *   *              *      **   **        **  *     * *           *    *       *   *   * *          * *     *    *  *          *     *   *   * **   *    *   *  **  *  * *     **
*   *    *    *   ** * *      * * *    *         * ****        *  *  *    *  **     * * *       ***  *   * * *    *   *       *         *  * *  * **  * **  *   *                *     ** *  *   *   * *
*   *          * ***       * **        *          *       * *         *        *         * *   *   * *   *          *  **  * *    * * *   *     *     *       *  *  *  *  *   *     **     *   *   * * *
*          *           **   * *      * *             *   **      *          *   *  *    *           *  *      *   * **    *        ***        **     *            *   *  ****  *   * *           * *   *
*                *  **                  *** *   *           *         *  *     * *      **        *                       *  * *       *** ***  * *      **       ** *  *        * * *   *   * *    *  *
**     *  *     *    *   *                 ** *   *  *           **    ** *    *         **  * *    *   **        *     *    ***                               *      *  * *                *          *
*   *       **         *  * *     **              * *       **         ****       * * *            *     **  *            *  *                    *  * *  *   *  *   *   **  *  *     *   * * **     * *
**       * * *      * *   **      *         **              **      *   * ***    *    **     *  *      * *** *      *   *   * *                     *    *      * *  * *     *         * *      *    * *
*  *     *   *         *  *                         *   *         ** *                  **  *     *    *        **         *            *    ****            *       *   *    *                * *  ** *
** *   *  *  *                  *        *           * *   * *     *    * *      ** *  * *             **         **  * *              *                 **  *            *                        *   *
**     * **        *     * *  *  *         **  * *    *      *         * *   *   **  *     *     *     **        ** *       *        * *               * *          * **            *     *   *       **
*  * *         *       * *   *  *      * **    *        *     * * *      * *   *     *            *         *   *       * *          ***  *     *     *       * *        **  **     *  * *     **    * *
*  *        * *    *  *    * *          *            *  * *         *   *         *  **     *   *      *     **       *   *      *  * * *   *    ***     **                        *    *          *   *
*    *  *         *     *       * *     *       * * *   *       *   **        *** ** * *         *   *   *              *  *  *  *  *   *     * ***  *   *     *      *   *  *  *   * *             *  *
*    * **    *    * *              *   *    *       * ***    ** *  **   ***                       * * *** *  *       **        * * *      *   *  *  *          **      *      **    *    *** **     *  *
*     *               *    *   * * *   *                **     *      *           ***      *          *            * *   *     *          *          ***            * *     *     *   *      **  *     *
*   *  **   *   *  ***   ** ***     *         * *         *      *  **   *       *       * * * **           *               *   *   *  *  *  *                      **     *      **  **     **        *
* **   *    *  * *   ** *     *     *** ***  *     **              *  *   ***         *  *     * *     * *    *  * *               *         * *    *        * *** * * *  * * ***    *       *** *     *
*  *                        *  *      *         *  **    *        *   *  * * *  * **    *    *  *          *  *   **    * *        *    *    *           *  *   *     *    * *     *     *      **   * *
*            * *      **      *             *    *            *       * * *  *  * *      *          ***      **  *  *    *  **        *  **                       *      * *  *      *    * *  **     **
*     *  ***  *          * *    *              *   * *    *   *     *  *           *     ***             *   *    **     *       ** **             *    *    *  *   *  *  **  *      *   *        *  ***
*    *  *        **         *                  **      **  *    * *  * *            * *           *      *   *         **        * * *         * *   **   *     *    **   * *          * *             *
**   *     **  *  *        *       *  * * *   * * * ** *  *  *        ***   *        * **       *   ** ***   *  *    *  **    * *  *   *     **    * *   **     *   *    * *       *        *      *   *
*   *              *    **    *      *                       *    *   * *     *                *   *  *  *  * **          *   *     *      *      *        ** *   *      *   *          *              *
*  **      **   * * **      *   *   *      ***  **  *    **    *     *   * *  **    *   * **   * *    *   *            *   *       * *  *  *       **       *  **     *      * *   *    *   *          *
** *     * *** **         ****   * *   *  *   *    ** **     *                *        *                        *     *  *                   * *     *  *      *    *     *         **        * **     *
*        * **             **  *               * *             *  * *     *  *     *               **  *  *   *       *     *   *  *                                   *            *            *      *
* **  *      * ** *  * *      *   *     **   *   *    *       *        *    **  ** *   *              * *  *        **  *     *      *     *    *                **   *     ****   *                   *
**  *    *        *       ***    *   * *               *   *   *    *    ** **    ***  * *    *    *   * *   **    *   *   * *    *     **           *          **   *   *   *    *  **                *
****                        **       *    *   *      *     *     *  * * *  *         *     *        *      *      *          *     *      *                 *   *           *     *         *  *  *    *
**   **   *** *    *       *             *      *    *    *             *   *   *  * *     *    * * * *    * * * *        * *    *** *    *    *    *     *   *     *    **              **    **   ** *
** * *  ** *  *       *   *    *     *       * *         *  *       *    *     * *  *    * *   *      *       *  *  *        ** **   * **  *    *                   *         *                 *    ***
*            *      **    *   * *        *   *     *  ** *  *   *            **  *  **           *   * **  *       *     *  * *            * **               *  *   ****       *  *   **     *       **
*   * *   *        *  *    *  **     *  *   **     **   **  *      **                  *     * *  ** *            *  ***         *  *   *    **    *  **      * ***   *      *   * *     * * **  *  *  *
*    *  *       *        * *          * *         *     *    *   **      **        * * * *  * *      *  *            *    *     * *      *      ***       *            *    ***    * *           *    **
*  * *  ** **  *  *     **  *    *   *   *    * *       **                *    * * * **        *                *   *  **  *     *  *   * *           *             *   * *     * ** *  *      *   *   *
*  *  *     * *    * *      *  **     *       ***  *** *          *    *    *  * * ***   **        *  *  *         ***  *        **  * *             **    **      *   *  *    **  **   **   *   **  * *
*  *    *          *       *               * *  *      *     *     *   *    *  * *    *  * *     * *    **               **      * **  *      **      *     *  *  *         * *  * *     *  *    *** * *
*    *    **                       **       *    *         *                *   *   **  *    ** *  *     * *         *   * *  *        *            **    *    * *      *    * ** *   *  *        *    *
*       *  *                      **     * *        *  *                  *   *    * * *   *       **  *  ****    *   *           *   **     *      **  *            *                   *   *** *  * **
*   **    *      * *            *      * *       **   **    * *   *     ** *                 * *   *      *          *     *  ** *    ***   **  *   *  * *        *             *  *      * * *  *     *
*   * * *    *    *          * **         *     **           *     *   *               *    *        *  *  * *  *    *       *             *** *   *      * ** *  ***      *  *        *       *       *
* * *                      *   *  *            *     ** *  * *   *         *  **  * **      *      **  * ***  * *     *       *       * *              **      **   *      *    *        *   *  **     *
*   *        **    *        *       *    **  *  *          **     *        *  *    *  *  *  *      **       ***  *          *  *  * *           *           *           *            *   *  *      *   *
*    ***    *         **  *    *  *  * *  *     *    *  *  * **      *                *    **  *                  ** * *    ** *   * **  *   * * *     **       *    *       *        **       *       *
*   * *  **  *   *    ** *         *    *         *   *  *      **             *   *        *     *     * *     *   *     *      *      *      *         *      *                         *      *  *  *
**                 *    *            * *   *     **      **      * **                  *     *   *       *          *     *     *   * *  *   * *           *        *  * *   ** * *    **  **       *  *
*      * **        ** *     *           *    * * *     *  ***  *      * *    *       * *                    *  *  * *   * *          *  *   *  *     *            *                  *    * *     ***  *
* *    *  *** *** ***  *      *  *   *        **  *   *   *    *                  *             * *    *** *        * *    * *         *                  *             *     *  * * *  *     **  **   *
***   *  *   *   *  *    * *     * *                *         *      *  **    ***   *  * * ***       *   * *    * **      *        ***       * * *     *   *    *** *         *     *  **    *         *
*  *    * *     *  *     ***      * *                * **            *   **       *      *      *      *   *      *   * *                          **            * *    **   * *          *  *  *    * *
***   *            **  * *  * *                  *  *   *           *  *   *          * *       *    *  *         *      **        ** **      *         ** *              *    *  ***                * *
*        *      *   **  *  * *  **             *    *       *        * *** **   **   * *  *     *   *   *    * *  *       *                               * * **             * *          *  *         *
*                   ***        *  **           **      *  **  *      * *      *   *  *  **        *    *     *     ** *  *       *  *         *  *                 *         *   *   *       * *    *  *
*      * *   *         *           *   *     *  *    *  *   *    **    *  ** * * *      *   * *     * *  *   *  * * *            **  * *  *  *      *    *            *      *  *        * *  **  *    *
* **    *  *    *  *        *       *    **     ***       *      **         *   *      ** *  ***    *  **  * *              *    *          *   *  *         *     *        *           *   *  *   *   *
* *      *  *  *  *      *     * *  *      *  * **        *    * *      *         *       * * ***      *  *    *     **  * *         *           **  *  *       *       *             *     *  *      **
*           * * *   *       *    *             **   **    *     **  ** * *  *  *    * * *    *              *      *      **        *            **        * *            **  **    *       * *   *    *
*      *      *       * * **      **          *       *     *     *   *  *   *    * **       *  *     *       * ****    *     *      *     * * *    *   *      *  *      * *     *       *   *  *    * *
*   *        *          *    * * *  *        *      **  **    *       *         *      *    *  *       * **  ** *     **  *    *              *           *   ***         *** *  *     *   *   *       *
** *            *   *     *   *     *       *        * *  **  **      *** *   *     **            ** *                 **         *     *          **     *      *       *    *               * *      *
*  **      * *  *       *   *   * * *****     * * *     **     * *   *      ****   * *      *           *          **    *      *     *   *            **     *          *  *   *     ***          * * *
*       *       **   *             **         *  *   **                ***  ** **  ***  * *  *  **      **  **  *  *   * *    *  *      *    * **     *    **  *     * *         * ** *  *   **        *
* ** *   ***     *        * *  *    **      *       **   *    * *            * *     * *   * *     *  *            *  **         *          ***               *      *    *  *   *   *    **  *   *    *
*  *     *      * **  ** *        *  *      *         **              *   *    *  **   *            *    *  *   *  *     *            *  * *     *    *     *  *        *   *         *                *
*  * *** ** * * ** **   *        *     *        *   *                          * *    *  *  *       * *    *   *           **   *      *** **  *       ** **          *           *      *   *   *   * *
*  *      *    * *   *   *    *       * **    *        *    *      *   *   **  *    *       *   *    *      * *   *  *   *       *   *    *      *                        **       *    * *     *   *  *
*     * *   **             *       *          ** * **             * *   *    **  *       *    **       *     *    **    * * ** *   *     *      * *  * **            *   *     *   * **   **   *   *   *
*      *     *  *  *   **  *           *  * *   **          * *   *              *   *  *   *        *     *    *             ** *           *    *    *  **    *    *         **    *             * ***
*           *     *   * * *    *       *  *                  **          *  **        ** *    *    **      **      *  *    ** *              *       * **  *            *              *   *           *
*       ***  *    *      *    **   *   * **        **  *       * *          * *  **     *                  * **      *          * *     *    * * *                           **  * * *  *   **  * *    *
*  *  **               *    **   *   *  ***   *    *   *   *           * **                 * * * *    **                   * ** **   *    *   *                    *              *   *  *   *  *     *
*           *  *     *      *       * ** *      **  *   **  *      **    **     * *    *        *     *   * *   *  ** *   *        *  *  *  *  ** *  *         **    *   *    *     *       *      *   *
*      *       **      *    *** *       *    * *  *    *    * * *    *  * * * *    *       *     **         *  *      ***              *   *      * **    *  * *    **                  *  *    *      *
* *           *   *  *     * *   *      * **        *     ****         * **              *   **  *       *   **     *           *      *      *         *         * *  *      *    * *         *      **
* * *        *      * *    *      *            *     *   ** *       * *  **     *    *  *         *        *   *  *         **   *         * **             *         *   *                *      *  * *
*   *      **                   *  *      * *   *        *    * *    * *    *  * * **     *     *       *    ***        *        *        *      *         *   *   *  *    * *   *      *    *         *
*   *    *   *        *  **   *  *   *  *    * *      *           **         *        *  *    *      *    *         **   * *  ** *         **  * *  *   * ** *       * *        *  ** * **  ***     ** *
*         *  *   *         *      *      *       *  *     **        *  **        *     *     *  *      *         * *   * *  *       ***  * **   *   **          *  *** *        **       *  *   *   * **
*    *  *  **  * **     *      **        *    *  *            **      * **** **             *      **     **                   *    **   *    *         **       *   **    *    * *  *   * *    *      *
*  *         *    **  ** **  ***   *      *  * *         *                         **  *****   *   *     *     *            ** **  *  ***   **   * **             *          *      * * *  *  *  *     *
* * *  * *    * *  *   *       **   **    *   ** **      *  *    * *    *  **       * *           *           **** *    * *     *    *      *  *  *    *             *           ** ** *   *  * *      *
*   *    * *    *           *    **            ** *    *     **         *                *                       *        **  ***  *                  * * * *   *2  *       *    * *  ** *****        **
**********************************************************************************************************************************************************************2*********************************
