50x200* o12
RESULT IN 149 STEPS!
******************1*************************************************************************************************************************************************************************************
*       *         oooo*  ooooooooooooo* *                  *  *  * **     **  **   * *    *    *    * * *   *  *     *   **  **      *  *  *    **         **       *  *        **      *       * *  * *
**       *   * **   *o*ooo*      *   o *                 *  *   *  * *    * *  ** *           *         *              *ooooooo*oooooooo2 *     *            *         *  *                 * *    ** **
*       *  ** **     ooo  *  * * *   o *    **    * *    **    *  * *       *  * * ***         *   **  *     *  **ooooooo  *  ooo     *             *       *    * ** *       **      ** *    * * **  **
*  *  **  *  * *  **    * *   *      o *             * **      **        *         **      *oooooo* *    * **    *o       *****     *   *        *  *    *          *      *      * * *  *   **    * * *
**      ** * *    *  *  ** *      *  o** *  **   ***  **  *   *       ooooooooooooooooooooooo *  o*  *  **ooooooooo    *  *         *    *    * *           ***              **                ** *    *
*  *  ***      * *              **   o**oooooooo* *  * ** *    *   ** o  * *   *   *  **        *oooooooooo        * *   * * ***     **    *  *  ***       *     *     **  *   * *        *  * *       *
**  ***    **  *    **    *  *  *  * oo*o* *   ooooo*       ** **  * *o* *  **      *    *    *    *    *** ***  *    *  *                             **         *  ***      * *                  * ***
*             *      *   *     **    *ooo*         oooooooo*   * * oooo     *  *             * **    **      * *     *            *           **        *   *   *       *      ***           **     *  *
* * **      *       *    *   * *        *     * **    *** oooooo* *o*  *  * **            ***     *     * **             *         *  *         *          *     * *  * * *            * *   ** *      *
* **    *      *  * *   **    *        *   *            *      ooooo * *     **       *    * *     *  *  *  **               *          2 **   **       * *    *       *                  *      ***   *
*     *  **          *         * *    **  ***          *        *      *             *    *  **   **  *   *   *  **       *           * ***   *     **    **      *    * *   **      *   *   *    *  * *
*   *    *    *             *  **    *        *                * *         *             **   * *        **            *** *   *         * *          **   * ****      *      **  *  ****  * *   *** * *
*         ** *     **  *        *   *                *   **             *   * **     *  ** *     *    *  *    *     *     ***   *    *****   *   *    *  *      *     *         *    * *      *      * *
***                * *   **                 *     *  *  *   *   **** *      *  *   *           *   * *  *      *  *  *         *     *      *     *    *  *  *  *   **            *    *        * * *  *
*   *          *        *  *  * **           * *       *     *  * *           *         *     *     * ** *    * ***      * * *     *             * *   *   *  *      *   *            *    *   * **  * *
**            *      *               ***   *        *       *             *        **  *        *           *         *  *     *   *         *     *  * **  **   ***   *                  * *   *      *
*   ** *     **         *           *     *   *   * **    *  *   * * *        **  * *         *       *     *            * *  * *   *   **  * **           *     *    *     *  *** *            *      *
* *  * * *    *      **    *      ***     * *          *        *   **      * **        *  *     *   * *   * **          *                   *        *    * *    ** *   *           *      *          *
** **        *   * *      *    *** *   *  *  *     * ***      * * *          **    **  * *  *  **                     *  **     ** *         *       * *    ** * * *      *       *   *    *       ** **
*       *     *  * **    **            *  * *   *          *   * *      **  *    ** *      *     * *    * *  *   *   ** *            *  **    *        *     * *         *   *         *   **   **    **
**    * *       * *  *  * **  *   *          *  **   *     *      ** *  * *  *      *     *  *    *   **       * *  *  *         *  ** *         * *   **   *     *    *     *   *  *  * *   *  **    **
*         *   *  *  ***  *         ** **      *    *         *  *      *                   *  *              *     *  *      *   *     * *  ** *              *           *        ****    *      * *  *
*         *      *     *            *   * *  *     *  * *          *  *             *      *     *       *   * * * * *               ** * *   *  * * * **      ** *        * *   *            * ** **  *
*              * * *   * *   **  * *    *   *    *  ** * *     *      *        *      *          **  ** *  **     * *          *     *             *  * *          **  *  *        **  **     *        *
** **   *  *   **               ** ***      *                * *     *        * **     *    *  **   *          *  ** *    **  **           * *                 *            *  * **      * **      * * *
*      *     *    *   *  *       * *    * * * *   *    *  *    *         *  *    *      *  * *  * ** *   *             *  *   *  *               *   **    *     *       *           *     *     **    *
*     *   *    **    *   *       *     *   *    *           **   * *     *                            *            *      *   *                   *  ***   * *    *               *       * * *        *
*      *      *           *  **              *     *   * *       *     *      * * *    **  *     **  * *    *      *     *          *      *          *        *  *  * *            *      *        *  *
***  *     * *  *   * **   **         * **  **             *     *  * **  *            * *           *      **                 *     **   *             * * *  *        *        *    *              * *
*         **         *  ** *    * *    *      ** *    **   *        *        *      *** *       **    *       *          *  *            *  *  **   *    *   **  *     * *     *   **        **  *     *
*          *     * *     *  *  *   *  * *    *          **   * *  *        *               **        * * **        * * *  *    * **                  *    *    *    *      ** *   *     *      *     * *
***   *     *** **                           *  **     * * *     *    *   *    **   ** *          *  **   **   ** *         ***    ** * *         ** *                      *  *                **   * *
** *      ***    *        *** *     *     *    * * * *         ***      *     ** *   *  *  * *       **     *        *         *  **   *        *      * *    * * *              *       *             *
**    *  *                *     *   *      *  **                      *   *  *        *     *       *  ***   *         *   *    2 * * *       **        *    **  *        **  *   **  *   **  *        *
*              *        *            ***          * *               *      *  *        *     * * *   * *   *  *   *  **     **  *   *      * **  * *   *       **   *        *   * *   *  **        *  *
* *     *                 * *    * *   ** *  *         * **            *   *       **     **                   *         *                 *     *      *  *        * *  * *  **     *       *         *
*      *   *     * *     **         *       *   ***       *     * * *       **      * *      **  *      *            *    *    *    *  *              *    **  *  **   *    ** *    *  ***             *
***     *       *      *   **    ****    ** * * *   *  *       *  *     *    *   *  *            *     *     *      **          *  *  * *    *         * *      *         * *               ** ***  ****
*     *  *         *        **              *   *         *** * **         * *  * *   *       *     *   *  *       * * ***   *             *  *      *          *   **  *  * *   *    **     **   ***  *
*        *         * *    * *    * **   *    *     *      * *     **  **  *                 *  **             *  * *                * *  *  **     *  *           *   *           ** * *   *  *     *  *
* **      *  *           *      *      **    **  * *       *  *       **         *  **      **  *    *     * * **  *    *             *         ** *  *    *       *  *  *      * *    *  *   * *    * *
*              *  ** * *  **  *     *   *        * *    *    **               *                 *        * *  *         *     **    ****   * *   ** *    *   *   *   * *  *   *     * *   **  ** * *  **
*             ***     *    **   *       *   *           **  **       *             **        **   *  *               *       * *           ***        *    *   *     *   *     *   **  *            ** *
**   *    * **      *  *  **   *      *    *      *        * * *                      * *         *   *          ***      **   *                       *     *      * * *                       * *   **
*        * * *   *   **     ** *        * *  *    *       *    *    *    * **   * ***************     **        **  *           *         ***                     *  *         *  * * *  **  *    * ** *
**     *                 *           * *         * **  *   *   * *  *     **     *2     *   *   *   *  *        *   *    *   *  *  *  *       *     *      *  *   *     *   *  **   * **     *  * * * **
*        **    * *  *  *       *     **   *     **  *      **  *  *        *    **        * * * *   **     *   * * *   **  *    *         *         * *  * **                 *  **  * *      * *      *
*     *       *** *       *      *                  *     *            *      * **        *   *     *             * **     *  * **   *       *    * * *  *    *     *                 *   *            *
***********************************************************************************************************************2********************************************************************************
