50x50* o12
RESULT IN 88 STEPS!
*****1********************************************
*    oo** *    *  *    * *      *          ** *  *
**   *oooooo **    *           *  * *            *
**    ***  o*  **    *   *   *  *       **      **
*          ooooooooooooo* *      *     * * *     *
*         *        **  o* *     * *   * **  *   **
*         **    **  *  oo   *    *   *   * * ** **
**   *    *           * o**    *     *           *
* * *     * *     * *   o          *      *  *   *
*    *            *   * o*   **  *        *  *   *
*   *       * *         oo**   * ***      *  * * *
*      *           *     o*    *    *   *   *   **
*   *                 *  oo*      **   *     * * *
*   *** **     *     *    oo* * *   *       *    *
*         ***  *           oo **  *  *    *      *
***          ** *  * **   * o**    * * *** **    *
*  *   *   *        *     * ooo      ***         *
**  **   ***       *  *  *    o*   *    *     *  *
**   *         **     *       oo** *     *      **
*  *    *      ** **    **     o* * *    *    *  *
*      *       *    * * *      o*  **  *         *
*     *    *  *    *  *     *  o* * **           *
* *   *    ** *    *     **    o            **   *
* *   *       **          ** **o  *   *         **
*                     *        o*    * **  *     *
*  *   **      *  *     *    **o  *          **  *
*    * *        *     *       *o**  **     *  *  *
*    *    *                  * oooo*       * *   *
*       *      *                  o          *** *
*  *    *  *        *   *  * * *  o* * *       * *
*         * *      *  **    *   * o**   ***      *
**   *  **              * *       oooo**  *  *   *
*           *         * *  * * *     ooo *      **
* *  *  *  * * *   *  *   *      *     o *       *
*    *  *       *   *                  o *    ****
**  *      *  ***         **      *  * o *  *    *
*   **         **    *     ** * *  *  *o*  *   ***
*      ***         ***       *     *   ooooo *  **
* ** *  *         ** **  *          **    *o     *
* *              * **    ** *        **    o     *
*          ** **             * * * *   ** *o * * *
*   **       *        *            **  *   o     *
*  * *  ***    *    *         *   * *  * **o**  **
* ****     *    *  *     *          *      oo*   *
*     **          *      **     **        **o    *
*       * **    *                *   *   * *o*   *
*           * **   *  * *    *       * *   *o    *
*  *        * * *   ***     *  *     **   * o*  **
*                        * *          *     oo * *
*********************************************2****
