50x50* o12
**1***********************************************
* ooo*        *               *      ***  *      *
** *o** *   *  *   * *  *    **    * *     *    **
*   o * * *  *            *  *  *  *      **     *
*   o*       *  *     * *     *            *  *  *
*   ooo*    *    *    **            *       *    *
*    *oo*      *   *               * *     **    *
*** *  ooo*      *    **     * *      *     *    *
**   *   o *    *   *         *  *      *   *  * *
*     *  o  *    *      *  * *   **       *     **
*     *  o* ** * *       *        *    *   *  *  *
* *  *   oo* *  *      *   ** ** *      *        *
** *    * o* *           *        **       *   * *
*    *  * o*       *         ****    * *         *
*    *    oooooooooooooooooooooo** *             *
*     *      *  * *  *  *      oooooooo* * **   **
*    *     *    ***    *    **  *  *  ooo      * *
*     *  * *   *   ** *                 o **     *
** *           ** ***                   o *      *
*         * * * *    *         *  * *   o**  ** **
*       **               *       *      oooo     *
*     * *               *      *   * *     o**  **
*    * *                * *     *  **   *  oo**  *
* * * * **         *  **    * *      *     *o   **
*  *         *      **       *  * *     **  o   **
*  *         *       *         *            o*   *
** *  *    * **  **      *    *  **     *   oo*  *
* * *   *    *            *      *  *     *  oo  *
* *      *       *   *             *          o  *
*   *  *  *      *  *  *                   *  o  *
*   ***  ** **     * *  **  *   ***     *     o  *
*  *   * **      *             ****           o* *
*    *      *   *   *         *      *        o **
*    *    *   **          *       *      **   o***
*    *    *         *    *            **      ooo*
*        *              *  *   *      *  * *    o2
*   *            **               *     *       **
** *    * *   *     *    * *    *  *             *
*   *   *    *    *          *  *                *
*   *  *    *        **                *       ***
*  * *   * *      *             *                *
** *     * *        *   **   ****      ** * * *  *
*  *   *     *   ** * *    *     *  **           *
* *  * **   *       * **            **           *
* *  ***   ** *                   * *      *    **
*   *      *   * *  *       *  *    * *  * ** * **
*      * *        *   * * *    *  **             *
**      *    **  *         * **        *    * ****
*            **  *   * **   *         *    *     *
*****************************2********************
RESULT IN 81 STEPS!
